gen          chr  span kb    PASS  homALT     het   indel  bloqPID   DPmed
BUB1B         15     64.1      60       2      58       8        0   861.4
CEP57         11     46.2      93       2      91      16        0   832.4
TRIP13         5     29.2      60       0      60      11        0   731.5
MAD2L1BP       6      9.1       2       0       2       0        0   755.0
BUB1           2     44.5       0       0       0       0        0     nan
BUB3          10     20.1       2       0       2       2        0   550.0
MAD1L1         7    421.1     972     236     736      80        0   716.2
MAD2L1         4     15.2       3       3       0       0        0   850.7
TTK            6     41.9     103       1     102       8        0   875.7
CDC20          1      8.2       6       0       6       2        0   774.5
KNL1          15     74.1      74       5      69      12        0   783.4
ZW10          11     44.5      52      13      39      10        0   829.9
KNTC1         12    103.1      68       3      65      12        0   784.6
ZWILCH        15     48.8      79       5      74       6        0   822.5
SPDL1          5     25.0      29       0      29       5        0   881.9
NDC80         18     49.1     101      28      73      18        0   844.3
NUF2           1     37.8      21      21       0       5        0   724.2
SPC24         19     14.3      41      27      14       8        0   674.0
SPC25          2     23.5      34       0      34       6        0   832.2
CENPE          4     96.5     107     100       7      11        0   891.8
CENPF          1     65.4      58       8      50       6        0   801.3
AURKB         17      9.8      15      12       3       6        0   581.1
INCENP        11     33.2      65      63       2       8        0   753.8
CDCA8          1     21.2      52      21      31       8        0   733.4
BIRC5         17     15.4      54       3      51       4        0   737.6
PLK1          16     15.5      12       0      12       2        0   784.8
ESPL1         12     29.3      39      16      23       7        0   742.3
PTTG1          5     10.9       8       1       7       2        0   932.8
SGO1           3     20.7       2       0       2       0        0   723.0
CENPA          2     12.5      35       0      35       6        0   799.5
PLK4           4     22.3       6       1       5       1        0   850.3
CHMP4C         8     31.1      23       5      18       2        0   817.8

2276 variantes no de referencia escritas en work_hg001\gene_sweep.tsv
576 genotipos homocigotos alternos en el panel.

Ojo con la lectura: sin frecuencias poblacionales, la mayoria de esos
homocigotos y heterocigotos son polimorfismos comunes. El paso que convierte
esta tabla en candidatos es anotar gnomAD y quedarse con AF < 0.001.
