consultando gnomAD para AURKB (chr17:8203228-8211831)
consultando gnomAD para BIRC5 (chr17:78212678-78227274)
consultando gnomAD para BUB1B (chr15:40159387-40219728)
consultando gnomAD para BUB3 (chr10:123152549-123153077)
consultando gnomAD para CDC20 (chr1:43356993-43360641)
consultando gnomAD para CDCA8 (chr1:37690518-37711700)
consultando gnomAD para CENPA (chr2:26785574-26796506)
consultando gnomAD para CENPE (chr4:103104325-103200325)
consultando gnomAD para CENPF (chr1:214606283-214665832)
consultando gnomAD para CEP57 (chr11:95788789-95833871)
consultando gnomAD para CHMP4C (chr8:81731171-81761188)
consultando gnomAD para ESPL1 (chr12:53266501-53295406)
consultando gnomAD para INCENP (chr11:62122070-62155166)
consultando gnomAD para KNL1 (chr15:40592521-40664483)
consultando gnomAD para KNTC1 (chr12:122527964-122628259)
consultando gnomAD para MAD1L1 (chr7:1814328-2234855)
consultando gnomAD para MAD2L1 (chr4:120054966-120068698)
consultando gnomAD para MAD2L1BP (chr6:43638652-43640649)
consultando gnomAD para NDC80 (chr18:2569907-2618584)
consultando gnomAD para NUF2 (chr1:163321317-163355139)
consultando gnomAD para PLK1 (chr16:23681084-23690753)
consultando gnomAD para PLK4 (chr4:127881526-127893809)
consultando gnomAD para PTTG1 (chr5:160422579-160429522)
consultando gnomAD para SGO1 (chr3:20169840-20182972)
consultando gnomAD para SPC24 (chr19:11143956-11157494)
consultando gnomAD para SPC25 (chr2:168873053-168892350)
consultando gnomAD para SPDL1 (chr5:169582056-169605847)
consultando gnomAD para TRIP13 (chr5:892731-919991)
consultando gnomAD para TTK (chr6:80002699-80044154)
consultando gnomAD para ZW10 (chr11:113732087-113774828)
consultando gnomAD para ZWILCH (chr15:66503642-66551078)
