gen           n   cod splice  UTR/int      indel  fase
MAD1L1       12     0      0       12          3  sin fase
CEP57         4     0      0        4          1  sin fase
TTK           3     0      0        3          1  sin fase
NDC80         3     0      0        3          3  sin fase
CENPF         2     1      0        1          1  sin fase
INCENP        2     0      0        2          1  sin fase
AURKB         2     0      0        2          2  sin fase
CDCA8         1     0      0        1          1  -
SPDL1         1     0      0        1          1  -
CHMP4C        1     0      0        1          1  -
ESPL1         1     0      0        1          1  -
KNTC1         1     0      0        1          1  -
BUB1B         1     0      0        1          0  -
ZWILCH        1     0      0        1          0  -

== genes que siguen vivos bajo modelo recesivo ==
  AURKB      2 raras, 0 con impacto potencial | sin fase | debil: ninguna cae en region codificante ni de splicing
             ninguna variante rara cae en un bloque PID
  CENPF      2 raras, 1 con impacto potencial | sin fase | abierto: fase no resuelta, hace falta otra evidencia
             ninguna variante rara cae en un bloque PID
  CEP57      4 raras, 0 con impacto potencial | sin fase | debil: ninguna cae en region codificante ni de splicing
             ninguna variante rara cae en un bloque PID
  INCENP     2 raras, 0 con impacto potencial | sin fase | debil: ninguna cae en region codificante ni de splicing
             ninguna variante rara cae en un bloque PID
  MAD1L1     12 raras, 0 con impacto potencial | sin fase | debil: ninguna cae en region codificante ni de splicing
             ninguna variante rara cae en un bloque PID
  NDC80      3 raras, 0 con impacto potencial | sin fase | debil: ninguna cae en region codificante ni de splicing
             ninguna variante rara cae en un bloque PID
  TTK        3 raras, 0 con impacto potencial | sin fase | debil: ninguna cae en region codificante ni de splicing
             ninguna variante rara cae en un bloque PID

detalle por variante en work_hg001\candidates.tsv
Recordatorio: un bloque PID solo cubre variantes lo bastante cercanas como
para caer en la misma lectura. Dos variantes separadas por mas que el inserto
no se pueden fasear asi, y eso no es evidencia de cis ni de trans.
