== coincidencias exactas de nuestras candidatas en ClinVar ==
  CENPF      Likely_benign                revision: criteria_provided,_multiple_submitters,_no_conflicts
             enfermedad: not_provided

== otra variante clasificada en la misma posicion (soporta PM5) ==
  ninguna

== contexto de gen: patogenicas conocidas en ClinVar ==
gen         total    patog  enfermedad dominante
AURKB          47        1  NK-cell_enteropathy
BUB1B        2471       84  Mosaic_variegated_aneuploidy_syndrome_1
CDCA8          51        0  -
CENPF         962       67  Stromme_syndrome
CEP57         972       19  Mosaic_variegated_aneuploidy_syndrome_2
CHMP4C         45        0  -
ESPL1         264        0  -
INCENP        294        1  Nephronophthisis
KNTC1         300        0  -
MAD1L1        182        8  Mosaic_variegated_aneuploidy_syndrome_7_with_inflammation_
NDC80          77        0  -
SPDL1         109        1  Neonatal_death
TTK           135        0  -
ZWILCH        107        0  -

detalle en work_hg001\candidates.clinvar.tsv
