consultando gnomAD para AURKB (chr17:8208593-8212456)
consultando gnomAD para BIRC5 (chr17:78212678-78227274)
consultando gnomAD para BUB1 (chr2:110637585-110665571)
consultando gnomAD para BUB1B (chr15:40159387-40219728)
consultando gnomAD para BUB3 (chr10:123152549-123171999)
consultando gnomAD para CDC20 (chr1:43356993-43360641)
consultando gnomAD para CDCA8 (chr1:37690671-37711700)
consultando gnomAD para CENPA (chr2:26794120-26794120)
consultando gnomAD para CENPE (chr4:103104325-103200325)
consultando gnomAD para CENPF (chr1:214623189-214665958)
consultando gnomAD para CEP57 (chr11:95793416-95832884)
consultando gnomAD para CHMP4C (chr8:81731171-81754765)
consultando gnomAD para ESPL1 (chr12:53266501-53295406)
consultando gnomAD para INCENP (chr11:62123896-62151445)
consultando gnomAD para KNL1 (chr15:40615500-40658290)
consultando gnomAD para KNTC1 (chr12:122525575-122628259)
consultando gnomAD para MAD1L1 (chr7:1814627-2233491)
consultando gnomAD para MAD2L1 (chr4:120056261-120067321)
consultando gnomAD para MAD2L1BP (chr6:43638652-43638652)
consultando gnomAD para NDC80 (chr18:2569907-2618016)
consultando gnomAD para NUF2 (chr1:163320198-163356811)
consultando gnomAD para PLK1 (chr16:23677550-23677550)
consultando gnomAD para PLK4 (chr4:127881526-127886733)
consultando gnomAD para PTTG1 (chr5:160421280-160421280)
consultando gnomAD para SGO1 (chr3:20168368-20188115)
consultando gnomAD para SPC24 (chr19:11144559-11154077)
consultando gnomAD para SPC25 (chr2:168873053-168892350)
consultando gnomAD para SPDL1 (chr5:169582056-169605847)
consultando gnomAD para TRIP13 (chr5:893241-919382)
consultando gnomAD para TTK (chr6:80002699-80044154)
consultando gnomAD para ZW10 (chr11:113731381-113775155)
consultando gnomAD para ZWILCH (chr15:66503599-66551378)
