
gen          total   comun  raraHOM  raraHET ausenteHOM   ausHET  lectura recesiva
AURKB            5       5        0        0         0        0  nada raro
BIRC5           58      55        0        2         0        1  2+ raras en het: posible compuesto, hay que fasear
BUB1             7       6        0        1         0        0  una sola rara en het: incompleto para recesivo
BUB1B           60      57        0        2         0        1  2+ raras en het: posible compuesto, hay que fasear
BUB3            34      32        0        0         0        2  2+ raras en het: posible compuesto, hay que fasear
CDC20            3       3        0        0         0        0  nada raro
CDCA8           40      39        0        0         0        1  una sola rara en het: incompleto para recesivo
CENPA            1       1        0        0         0        0  nada raro
CENPE           98      96        0        2         0        0  2+ raras en het: posible compuesto, hay que fasear
CENPF           40      39        0        1         0        0  una sola rara en het: incompleto para recesivo
CEP57            3       2        0        1         0        0  una sola rara en het: incompleto para recesivo
CHMP4C           8       8        0        0         0        0  nada raro
ESPL1           35      34        0        1         0        0  una sola rara en het: incompleto para recesivo
INCENP          41      41        0        0         0        0  nada raro
KNL1             8       6        0        1         0        1  2+ raras en het: posible compuesto, hay que fasear
KNTC1          118     112        0        4         0        2  2+ raras en het: posible compuesto, hay que fasear
MAD1L1         941     925        0       11         0        5  2+ raras en het: posible compuesto, hay que fasear
MAD2L1          22      21        0        1         0        0  una sola rara en het: incompleto para recesivo
MAD2L1BP         1       1        0        0         0        0  nada raro
NDC80           99      97        0        0         0        2  2+ raras en het: posible compuesto, hay que fasear
NUF2            71      71        0        0         0        0  nada raro
PLK1             1       0        0        1         0        0  una sola rara en het: incompleto para recesivo
PLK4             2       1        0        0         0        1  una sola rara en het: incompleto para recesivo
PTTG1            1       0        0        1         0        0  una sola rara en het: incompleto para recesivo
SGO1            59      57        0        1         0        1  2+ raras en het: posible compuesto, hay que fasear
SPC24           18      18        0        0         0        0  nada raro
SPC25           45      45        0        0         0        0  nada raro
SPDL1           29      29        0        0         0        0  nada raro
TRIP13           3       3        0        0         0        0  nada raro
TTK            105     102        0        1         0        2  2+ raras en het: posible compuesto, hay que fasear
ZW10            63      62        0        0         0        1  una sola rara en het: incompleto para recesivo
ZWILCH          35      35        0        0         0        0  nada raro

detalle por variante en work_hg005\gene_sweep.annot.tsv
Umbral AF <= 0.001. 'ausente_en_gnomAD' no es sinonimo de raro: en region
no codificante puede ser simple falta de cobertura del recurso.
