gen           n   cod splice  UTR/int      indel  fase
MAD1L1       16     0      0       16          7  sin fase
KNTC1         6     1      0        5          3  sin fase
TTK           3     0      0        3          2  sin fase
BUB1B         3     0      0        3          1  sin fase
BIRC5         3     0      0        3          0  sin fase
SGO1          2     0      0        2          1  sin fase
CENPE         2     0      0        2          0  sin fase
BUB3          2     0      0        2          1  sin fase
KNL1          2     0      0        2          0  sin fase
NDC80         2     0      0        2          2  sin fase
CDCA8         1     0      0        1          1  -
CENPF         1     0      0        1          0  -
BUB1          1     0      0        1          0  -
MAD2L1        1     0      0        1          1  -
PLK4          1     0      1        0          0  -
PTTG1         1     0      0        1          0  -
CEP57         1     0      0        1          0  -
ZW10          1     0      0        1          1  -
ESPL1         1     0      0        1          0  -
PLK1          1     0      0        1          0  -

== genes que siguen vivos bajo modelo recesivo ==
  BIRC5      3 raras, 0 con impacto potencial | sin fase | debil: ninguna cae en region codificante ni de splicing
             ninguna variante rara cae en un bloque PID
  BUB1B      3 raras, 0 con impacto potencial | sin fase | debil: ninguna cae en region codificante ni de splicing
             ninguna variante rara cae en un bloque PID
  BUB3       2 raras, 0 con impacto potencial | sin fase | debil: ninguna cae en region codificante ni de splicing
             ninguna variante rara cae en un bloque PID
  CENPE      2 raras, 0 con impacto potencial | sin fase | debil: ninguna cae en region codificante ni de splicing
             ninguna variante rara cae en un bloque PID
  KNL1       2 raras, 0 con impacto potencial | sin fase | debil: ninguna cae en region codificante ni de splicing
             ninguna variante rara cae en un bloque PID
  KNTC1      6 raras, 1 con impacto potencial | sin fase | abierto: fase no resuelta, hace falta otra evidencia
             ninguna variante rara cae en un bloque PID
  MAD1L1     16 raras, 0 con impacto potencial | sin fase | debil: ninguna cae en region codificante ni de splicing
             ninguna variante rara cae en un bloque PID
  NDC80      2 raras, 0 con impacto potencial | sin fase | debil: ninguna cae en region codificante ni de splicing
             ninguna variante rara cae en un bloque PID
  SGO1       2 raras, 0 con impacto potencial | sin fase | debil: ninguna cae en region codificante ni de splicing
             ninguna variante rara cae en un bloque PID
  TTK        3 raras, 0 con impacto potencial | sin fase | debil: ninguna cae en region codificante ni de splicing
             ninguna variante rara cae en un bloque PID

detalle por variante en work_hg005\candidates.tsv
Recordatorio: un bloque PID solo cubre variantes lo bastante cercanas como
para caer en la misma lectura. Dos variantes separadas por mas que el inserto
no se pueden fasear asi, y eso no es evidencia de cis ni de trans.
