== coincidencias exactas de nuestras candidatas en ClinVar ==
  PLK4       Uncertain_significance       revision: criteria_provided,_single_submitter
             enfermedad: not_provided

== otra variante clasificada en la misma posicion (soporta PM5) ==
  ninguna

== contexto de gen: patogenicas conocidas en ClinVar ==
gen         total    patog  enfermedad dominante
BIRC5          29        0  -
BUB1         1533        6  Microcephaly_30,_primary,_autosomal_recessive
BUB1B        2471       84  Mosaic_variegated_aneuploidy_syndrome_1
BUB3          461        0  -
CDCA8          51        0  -
CENPE         594        5  Microcephaly_13,_primary,_autosomal_recessive
CENPF         962       67  Stromme_syndrome
CEP57         972       19  Mosaic_variegated_aneuploidy_syndrome_2
ESPL1         264        0  -
KNL1          440       23  not_provided
KNTC1         300        0  -
MAD1L1        182        8  Mosaic_variegated_aneuploidy_syndrome_7_with_inflammation_
MAD2L1         23        0  -
NDC80          77        0  -
PLK1           80        0  -
PLK4          726       34  not_provided
PTTG1          32        0  -
SGO1           41        1  Cardiovascular_phenotype
TTK           135        0  -
ZW10          115        0  -

detalle en work_hg005\candidates.clinvar.tsv
